0                  FAKTO     START    0     
0       4B2053               JSUB     STACKINIT
3       E32021     MAINLO    TD       INPUT 
6       332FFA               JEQ      MAINLO
9                  .berem iz inputa
9       DB201B               RD       INPUT 
c                  .iz ascii
c       1D0030               SUB      #48   
f       290000               COMP     #0    
12      33200C               JEQ      HALT  
15      4B2011               JSUB     FKTORA
18      4B0C47               JSUB     ECHONUM
1b      4B0DEB               JSUB     ECHONL
1e      3F2FE2               J        MAINLO
21      3F2FFD     HALT      J        HALT  
24      00000A     NEWLN     WORD     0, 0, 10
27      FA         INPUT     BYTE     -6
28      01         OUTPUT    BYTE     1
29                 .Faktoriela funkcija
29      160C41     FKTORA    STL      @STACKPTR
2c      4B2036               JSUB     STACKPUSH
2f      290002               COMP     #2    
32      3B2018               JLT      BAILOUT
35      0E0C41               STA      @STACKPTR
38      4B202A               JSUB     STACKPUSH
3b      1D0001               SUB      #1    
3e      4B2FE8               JSUB     FKTORA
41      0F0C44               STA      TEMP  
44      4B2030               JSUB     STACKPOP
47      020C41               LDA      @STACKPTR
4a      230C44               MUL      TEMP  
4d      4B2027     BAILOUT    JSUB     STACKPOP
50      0A0C41               LDL      @STACKPTR
53      4C0000               RSUB     0     
56                 .Stack funkcije
56      0F0C44     STACKINIT    STA      TEMP  
59      01202D               LDA      #STACK
5c      0F0C41               STA      STACKPTR
5f      030C44               LDA      TEMP  
62      4C0000               RSUB     0     
65      0F0C44     STACKPUSH    STA      TEMP  
68      030C41               LDA      STACKPTR
6b      190003               ADD      #3    
6e      0F0C41               STA      STACKPTR
71      030C44               LDA      TEMP  
74      4C0000               RSUB     0     
77      0F0C44     STACKPOP    STA      TEMP  
7a      030C41               LDA      STACKPTR
7d      1D0003               SUB      #3    
80      0F0C41               STA      STACKPTR
83      030C44               LDA      TEMP  
86      4C0000               RSUB     0     
89                 .SKLAD
89                 STACK     RESW     
c41                STACKPTR    RESW     
c44                .OSTALO
c44                TEMP      RESW     
c47                .Funkcija za desetiski izpis
c47     0F2066     ECHONUM    STA      NUM   
c4a                .Shranim registe, ki jih uporabljam
c4a     0F219B               STA      REGSTA
c4d     7F218F               STS      REGSTS
c50     87218F               STT      REGSTT
c53     13218F               STX      REGSTX
c56     6D0000               LDS      #0    
c59     050000               LDX      #0    
c5c     772051     LOO       LDT      NUM   
c5f     03204E               LDA      NUM   
c62     A054                 COMPR    5,4
c64     33201C               JEQ      IZPIS 
c67     25000A               DIV      #10   
c6a     21000A               MUL      #10   
c6d                .mod 10
c6d     9405                 SUBR     0,5
c6f     25000A               DIV      #10   
c72     0F203B               STA      NUM   
c75     010000               LDA      #0    
c78     9050                 ADDR     5,0
c7a     57A036               STCH     BUFFER
c7d     2D0000               TIX      #0    
c80     3F2FD9               J        LOO   
c83                .prva je 0
c83     750001     IZPIS     LDT      #1    
c86     9451                 SUBR     5,1
c88     9451       IZLOOP    SUBR     5,1
c8a     2D0000               TIX      #0    
c8d     3B2011               JLT      EXIT  
c90     53A020               LDCH     BUFFER
c93                .ascii
c93     190030               ADD      #48   
c96     DF0028               WD       OUTPUT
c99     1D0030               SUB      #48   
c9c     9451                 SUBR     5,1
c9e     3F2FE7               J        IZLOOP
ca1                .restore registov
ca1     032144     EXIT      LDA      REGSTA
ca4     6F2138               LDS      REGSTS
ca7     772138               LDT      REGSTT
caa     072138               LDX      REGSTX
cad     4C0000               RSUB     0     
cb0                NUM       RESW     
cb3                BUFFER    RESW     
ddf                REGSTS    RESW     
de2                REGSTT    RESW     
de5                REGSTX    RESW     
de8                REGSTA    RESW     
deb     0F2FFA     ECHONL    STA      REGSTA
dee     E30028     RDYLOOP    TD       OUTPUT
df1     332FFA               JEQ      RDYLOOP
df4     030024               LDA      NEWLN 
df7     DF0028               WD       OUTPUT
dfa     032FEB               LDA      REGSTA
dfd     4C0000               RSUB     0     
e00                          END      0     
