0                  test      START    0     
0       4B2068     main      JSUB     shiftr
3       3F2FFD     halt      J        halt  
6       FFFFFF     m1        WORD     -1, -1, -1
9       FFFFFE     m2        WORD     -1, -1, -2
c       FFFFFD     m3        WORD     -1, -1, -3
f       800000     min       WORD     -128, 0, 0
12      012FF7     add       LDA      #-9   
15      692FEB               LDB      #-21  
18      9030                 ADDR     3,0
1a      9400                 SUBR     0,0
1c      6B2FED               LDB      m3    
1f      9430                 SUBR     3,0
21      1B2FE5               ADD      m2    
24      1B2FDF               ADD      m1    
27      1B2FDF               ADD      m2    
2a      1B2FD9               ADD      m1    
2d      4C0000               RSUB     0     
30      012FD3     mul       LDA      #-45  
33      692FD1               LDB      #-47  
36      9830                 MULR     3,0
38      032FCE               LDA      m2    
3b      6B2FCE               LDB      m3    
3e      9830                 MULR     3,0
40      4C0000               RSUB     0     
43      012FC0     div       LDA      #-64  
46      6B2FC0               LDB      m2    
49      9C30                 DIVR     3,0
4b      4C0000               RSUB     0     
4e      012FB0     shiftl    LDA      #-80  
51      A402                 SHIFTL   0,2
53      012FB4               LDA      #-76  
56      A403                 SHIFTL   0,3
58      A403                 SHIFTL   0,3
5a      A403                 SHIFTL   0,3
5c      A403                 SHIFTL   0,3
5e      A403                 SHIFTL   0,3
60      A400                 SHIFTL   0,0
62      A400                 SHIFTL   0,0
64      A400                 SHIFTL   0,0
66      A400                 SHIFTL   0,0
68      4C0000               RSUB     0     
6b      01203C     shiftr    LDA      #60   
6e      A800                 SHIFTR   0,0
70      A801                 SHIFTR   0,1
72      A802                 SHIFTR   0,2
74      A803                 SHIFTR   0,3
76      032F96               LDA      min   
79      A803                 SHIFTR   0,3
7b      A803                 SHIFTR   0,3
7d      A800                 SHIFTR   0,0
7f      A800                 SHIFTR   0,0
81      A800                 SHIFTR   0,0
83      A800                 SHIFTR   0,0
85      4C0000               RSUB     0     
88                           END      0     
